// Jest Snapshot v1, https://goo.gl/fbAQLP

exports[`Pruebas en App debe mostrarse correctamente 1`] = `
<div
  className="container"
>
  <h1
    style={
      Object {
        "textAlign": "center",
      }
    }
  >
    Hello World!
  </h1>
  <div
    id="smiley"
  >
    <img
      alt="smiley"
      id="smiley-img"
      src={null}
    />
  </div>
  <div
    className="time-label"
  />
</div>
`;
